[BEGIN GLOBALS]
[END GLOBALS]
[BEGIN fn LOCALS]
a (local var of 8 bytes)
[END fn LOCALS]
fun_fn:     enter fn
            [a] := 4
lbl_0:      leave fn
